EN add_16 NULL C:/Users/Srivatsan/Desktop/4051/fft_8_point/add_16.vhd sub00/vhpl06 1477235996
AR radix_2_butterfly behavioral C:/Users/Srivatsan/Desktop/4051/fft_8_point/radix_2_butterfly.vhd sub00/vhpl03 1477236001
AR fft_8_point behavioral C:/Users/Srivatsan/Desktop/4051/fft_8_point/fft_8_point.vhd sub00/vhpl05 1477236003
PH fft_pkg NULL C:/Users/Srivatsan/Desktop/4051/fft_8_point/fft_pkg.vhd sub00/vhpl00 1477235994
AR sub behavioral C:/Users/Srivatsan/Desktop/4051/fft_8_point/sub.vhd sub00/vhpl09 1477235999
EN sub NULL C:/Users/Srivatsan/Desktop/4051/fft_8_point/sub.vhd sub00/vhpl08 1477235998
PB fft_pkg fft_pkg C:/Users/Srivatsan/Desktop/4051/fft_8_point/fft_pkg.vhd sub00/vhpl01 1477235995
EN fft_8_point NULL C:/Users/Srivatsan/Desktop/4051/fft_8_point/fft_8_point.vhd sub00/vhpl04 1477236002
AR add_16 behavioral C:/Users/Srivatsan/Desktop/4051/fft_8_point/add_16.vhd sub00/vhpl07 1477235997
EN radix_2_butterfly NULL C:/Users/Srivatsan/Desktop/4051/fft_8_point/radix_2_butterfly.vhd sub00/vhpl02 1477236000
