EN add_16 NULL C:/Users/Srivatsan/Desktop/4051/Project/add_16.vhd sub00/vhpl06 1477151018
AR radix_2_butterfly behavioral C:/Users/Srivatsan/Desktop/4051/Project/radix_2_butterfly.vhd sub00/vhpl03 1477151023
AR fft_8_point behavioral C:/Users/Srivatsan/Desktop/4051/Project/fft_8_point.vhd sub00/vhpl05 1477151025
PH fft_pkg NULL C:/Users/Srivatsan/Desktop/4051/Project/fft_pkg.vhd sub00/vhpl00 1477151016
AR sub behavioral C:/Users/Srivatsan/Desktop/4051/Project/sub.vhd sub00/vhpl09 1477151021
EN sub NULL C:/Users/Srivatsan/Desktop/4051/Project/sub.vhd sub00/vhpl08 1477151020
PB fft_pkg fft_pkg C:/Users/Srivatsan/Desktop/4051/Project/fft_pkg.vhd sub00/vhpl01 1477151017
EN fft_8_point NULL C:/Users/Srivatsan/Desktop/4051/Project/fft_8_point.vhd sub00/vhpl04 1477151024
AR add_16 behavioral C:/Users/Srivatsan/Desktop/4051/Project/add_16.vhd sub00/vhpl07 1477151019
EN radix_2_butterfly NULL C:/Users/Srivatsan/Desktop/4051/Project/radix_2_butterfly.vhd sub00/vhpl02 1477151022
