V3 29
FL C:/Users/Srivatsan/Desktop/4051/fft_8_point/add_16.vhd 2016/10/23.18:48:57 P.20131013
EN work/add_16 1477235996 \
      FL C:/Users/Srivatsan/Desktop/4051/fft_8_point/add_16.vhd \
      PB ieee/std_logic_1164 1381692176 PB work/fft_pkg 1477235995 \
      PB ieee/std_logic_arith 1381692177 PB ieee/STD_LOGIC_SIGNED 1381692178
AR work/add_16/Behavioral 1477235997 \
      FL C:/Users/Srivatsan/Desktop/4051/fft_8_point/add_16.vhd EN work/add_16 1477235996
FL C:/Users/Srivatsan/Desktop/4051/fft_8_point/fft_8_point.vhd 2016/10/23.23:19:50 P.20131013
EN work/fft_8_point 1477236002 \
      FL C:/Users/Srivatsan/Desktop/4051/fft_8_point/fft_8_point.vhd \
      PB ieee/std_logic_1164 1381692176 PB work/fft_pkg 1477235995 \
      PB ieee/std_logic_arith 1381692177 PB ieee/STD_LOGIC_SIGNED 1381692178 \
      EN work/radix_2_butterfly 1477236000
AR work/fft_8_point/Behavioral 1477236003 \
      FL C:/Users/Srivatsan/Desktop/4051/fft_8_point/fft_8_point.vhd \
      EN work/fft_8_point 1477236002 CP radix_2_butterfly
FL C:/Users/Srivatsan/Desktop/4051/fft_8_point/fft_pkg.vhd 2016/10/23.21:23:30 P.20131013
PH work/fft_pkg 1477235994 \
      FL C:/Users/Srivatsan/Desktop/4051/fft_8_point/fft_pkg.vhd \
      PB ieee/std_logic_1164 1381692176 PB ieee/std_logic_arith 1381692177 \
      PB ieee/STD_LOGIC_SIGNED 1381692178
PB work/fft_pkg 1477235995 \
      FL C:/Users/Srivatsan/Desktop/4051/fft_8_point/fft_pkg.vhd PH work/fft_pkg 1477235994
FL C:/Users/Srivatsan/Desktop/4051/fft_8_point/radix_2_butterfly.vhd 2016/10/23.18:48:57 P.20131013
EN work/radix_2_butterfly 1477236000 \
      FL C:/Users/Srivatsan/Desktop/4051/fft_8_point/radix_2_butterfly.vhd \
      PB ieee/std_logic_1164 1381692176 PB work/fft_pkg 1477235995 \
      PB ieee/std_logic_arith 1381692177 PB ieee/STD_LOGIC_SIGNED 1381692178
AR work/radix_2_butterfly/Behavioral 1477236001 \
      FL C:/Users/Srivatsan/Desktop/4051/fft_8_point/radix_2_butterfly.vhd \
      EN work/radix_2_butterfly 1477236000 CP add_16 CP sub
FL C:/Users/Srivatsan/Desktop/4051/fft_8_point/sub.vhd 2016/10/23.18:48:58 P.20131013
EN work/sub 1477235998 FL C:/Users/Srivatsan/Desktop/4051/fft_8_point/sub.vhd \
      PB ieee/std_logic_1164 1381692176 PB work/fft_pkg 1477235995 \
      PB ieee/std_logic_arith 1381692177 PB ieee/STD_LOGIC_SIGNED 1381692178
AR work/sub/Behavioral 1477235999 \
      FL C:/Users/Srivatsan/Desktop/4051/fft_8_point/sub.vhd EN work/sub 1477235998
FL C:/Users/Srivatsan/Desktop/4051/Project/add_16.vhd 2016/10/22.22:58:50 P.20131013
FL C:/Users/Srivatsan/Desktop/4051/Project/fft_8_point.vhd 2016/10/22.23:43:32 P.20131013
FL C:/Users/Srivatsan/Desktop/4051/Project/fft_pkg.vhd 2016/10/22.17:06:19 P.20131013
FL C:/Users/Srivatsan/Desktop/4051/Project/radix_2_butterfly.vhd 2016/10/22.23:16:01 P.20131013
FL C:/Users/Srivatsan/Desktop/4051/Project/sub.vhd 2016/10/22.23:11:32 P.20131013
FL $XILINX/vhdl/src/ieee_proposed/fixed_float_types_c.vhd 2013/10/13.23:59:32 P.20131013
PH work/fixed_float_types 0 \
      FL $XILINX/vhdl/src/ieee_proposed/fixed_float_types_c.vhd
FL $XILINX/vhdl/src/ieee_proposed/fixed_pkg_c.vhd 2013/10/13.23:59:32 P.20131013
PH work/fixed_pkg 0 FL $XILINX/vhdl/src/ieee_proposed/fixed_pkg_c.vhd \
      PB std/TEXTIO 1381692176 PB ieee/std_logic_1164 1381692176 \
      PB ieee/NUMERIC_STD 1381692181 LB ieee_proposed \
      PH IEEE_PROPOSED/fixed_float_types 0
PB work/fixed_pkg 0 \
      FL $XILINX/vhdl/src/ieee_proposed/fixed_pkg_c.vhd PH work/fixed_pkg 0 \
      PB ieee/MATH_REAL 1381692182
